Started server on port: 7777, with maxplayers: 500 lanmode is OFF\.


Filterscripts
---------------
  Loaded 0 filterscripts\.

\[debug\] Run time error 19: "File or function is not found"
\[debug\]  NonexistentNative1
\[debug\]  NonexistentNative3
\[debug\]  NonexistentNative2
Script\[.*not_found.amx\]: Run time error 19: "File or function is not found"
Number of vehicle models: 0
