Started server on port: 7777, with maxplayers: 500 lanmode is OFF\.


Filterscripts
---------------
  Loaded 0 filterscripts\.

HELL YEAH BABY!
\[debug\] Run time error 4: "Array index out of bounds"
\[debug\]  Accessing element at index 300 past array upper bound 4
\[debug\] AMX backtrace:
\[debug\] #0 000001a0 in f3 \(k=300\) at args\.pwn:28
\[debug\] #1 0000015c in f2 \(j=100\) at args\.pwn:23
\[debug\] #2 00000124 in f1 \(i=0\) at args\.pwn:19
\[debug\] #3 000000e8 in public call_f1 \(argument=0\) at args\.pwn:15
\[debug\] #4 native CallLocalFunction \(\) \[080dc980\] from samp03svr
\[debug\] #5 000000a8 in do_f1 \(text\[\]=@0x00000000 "HELL YEAH BABY!"\) at args\.pwn:11
\[debug\] #6 0000002c in main \(\) at args\.pwn:6
Number of vehicle models: 0
